2012-13: complete
2013-14: complete
2014-15: complete
2016-17: complete
2017-18: complete
2018-19: complete
2019-20: complete
2022-23: complete
2023-24: complete
2024-25: complete
2025-26: complete
 horizon                   variant       population equal_season_nll
       1           cfg_i1_z1_u0_d1          primary        0.4332719
       1      best_observed_subset          primary        0.4425104
       1           cfg_i1_z1_u1_d1          primary        0.4428518
       1           cfg_i0_z1_u1_d1          primary        0.4428594
       1           cfg_i0_z1_u0_d1          primary        0.4428739
       1                selected16          primary        0.4429232
       1           cfg_i1_z1_u1_d0          primary        0.4431350
       1           cfg_i1_z0_u1_d1          primary        0.4431404
       1           cfg_i0_z0_u1_d1          primary        0.4431410
       1           cfg_i0_z1_u1_d0          primary        0.4432126
       1           cfg_i0_z1_u0_d0          primary        0.4433628
       1           cfg_i1_z1_u0_d0          primary        0.4433898
       1    previous_offset_smooth matched_previous        0.4433901
       1      previous_selected_m2 matched_previous        0.4433901
       1           cfg_i1_z0_u0_d1          primary        0.4435064
       1           cfg_i0_z0_u0_d1          primary        0.4435359
       1           cfg_i0_z0_u1_d0          primary        0.4435418
       1           cfg_i1_z0_u1_d0          primary        0.4435434
       1           cfg_i1_z0_u0_d0          primary        0.4436060
       1 previous_offset_intercept matched_previous        0.4436060
       1           cfg_i0_z0_u0_d0          primary        0.4437499
       1                      m1_p          primary        0.4437499
       1                    raw_m2          primary        0.4438924
       1               complete_m2          primary        0.4474851
       2           cfg_i1_z1_u0_d1          primary        0.4461210
       2      best_observed_subset          primary        0.4560287
       2           cfg_i0_z1_u0_d1          primary        0.4569075
       2           cfg_i0_z1_u1_d1          primary        0.4569635
       2           cfg_i1_z1_u1_d1          primary        0.4569855
       2                selected16          primary        0.4571990
       2           cfg_i1_z0_u1_d1          primary        0.4574704
       2           cfg_i0_z0_u1_d1          primary        0.4575366
       2                    raw_m2          primary        0.4582181
       2           cfg_i1_z1_u1_d0          primary        0.4582946
       2           cfg_i0_z1_u1_d0          primary        0.4583210
       2           cfg_i1_z0_u0_d1          primary        0.4589179
       2           cfg_i0_z0_u0_d1          primary        0.4590536
       2           cfg_i0_z1_u0_d0          primary        0.4590816
       2           cfg_i1_z1_u0_d0          primary        0.4591996
       2    previous_offset_smooth matched_previous        0.4592008
       2      previous_selected_m2 matched_previous        0.4592855
       2           cfg_i0_z0_u1_d0          primary        0.4596964
       2           cfg_i1_z0_u1_d0          primary        0.4597044
       2           cfg_i1_z0_u0_d0          primary        0.4598212
       2 previous_offset_intercept matched_previous        0.4598212
       2           cfg_i0_z0_u0_d0          primary        0.4600788
       2                      m1_p          primary        0.4600788
       2               complete_m2          primary        0.4628211
 equal_season_mae total_rows total_trials  nll_delta_m1
       0.02795778        130       747388 -0.0104779965
       0.02599063        139       879387 -0.0012395049
       0.02794686        139       879387 -0.0008980871
       0.02785630        139       879387 -0.0008905204
       0.02792863        139       879387 -0.0008760382
       0.02760555        139       879387 -0.0008267802
       0.02846516        139       879387 -0.0006149087
       0.02777443        139       879387 -0.0006095665
       0.02776172        139       879387 -0.0006089169
       0.02862901        139       879387 -0.0005373804
       0.02940486        139       879387 -0.0003871180
       0.02955257        139       879387 -0.0003601052
       0.02955245        139       879387 -0.0003598130
       0.02955245        139       879387 -0.0003598130
       0.02965636        139       879387 -0.0002435464
       0.02973744        139       879387 -0.0002140814
       0.02998092        139       879387 -0.0002081649
       0.02997722        139       879387 -0.0002065637
       0.03009514        139       879387 -0.0001439045
       0.03009525        139       879387 -0.0001439023
       0.03123192        139       879387  0.0000000000
       0.03123192        139       879387  0.0000000000
       0.03014578        139       879387  0.0001424382
       0.04007865        139       879387  0.0037351372
       0.04224413        130       758599 -0.0139577942
       0.03908531        138       881458 -0.0040500626
       0.04136747        138       881458 -0.0031712824
       0.04137079        138       881458 -0.0031152642
       0.04157573        138       881458 -0.0030932982
       0.04137076        138       881458 -0.0028797521
       0.04176025        138       881458 -0.0026083695
       0.04173859        138       881458 -0.0025421895
       0.04496411        138       881458 -0.0018606594
       0.04492623        138       881458 -0.0017841471
       0.04504429        138       881458 -0.0017578137
       0.04648411        138       881458 -0.0011609273
       0.04683315        138       881458 -0.0010251918
       0.04702769        138       881458 -0.0009971753
       0.04771166        138       881458 -0.0008792347
       0.04771150        138       881458 -0.0008779940
       0.04794336        138       881458 -0.0007933241
       0.04882200        138       881458 -0.0003823461
       0.04883990        138       881458 -0.0003743596
       0.04920483        138       881458 -0.0002576174
       0.04920515        138       881458 -0.0002576042
       0.05030399        138       881458  0.0000000000
       0.05030399        138       881458  0.0000000000
       0.05406459        138       881458  0.0027422677
